
--- BASELINE 100% ---
  CO2 raw 54.618  feed 54.618 t/h  load 100.0%
  m_supply 21.2973 kg/s = 76.67 t/h   P_MP 19.700  P_9 9.000  P_LP 4.400
  m_ld9 0.0000  m_963 0.0000  m_turb 0.0000  m_vent 0.0000
  STEAM_SYSTEM tel: {"FT_329403_th": 60.85, "FT_329407_th": 16.71, "MP": {"P_bara": 19.7, "TI_sat": 211.6, "supply_pct": 50.0, "m_supply_th": 76.7}, "LP": {"P_bara": 4.4, "TI_sat": 146.3, "letdown_pct": 0.0, "m_ld_th": 0.0, "m_water_th": 0.0}, "SUPPLY_25BAR": {"P_bara": 25.0, "TI_sat": 223.8}, "DRUM_9BAR": {"P_bara": 9.0, "TI_sat": 175.6, "admit_pct": 0.0, "letdown_pct": 0.0, "m_903_th": 0.0, "m_ld_th": 0.0}, "HP_VENT": {"pct": 0.0, "m_th": 0.0}, "LP_MAKEUP": {"PV_329207C": 0.0, "m_963_th": 0.0, "m_pic_th": 0.0}, "
   STRIP_BOT        Tc=132.7  margin=39.3  co2h2o=0.401  h2o=25.69  nc=2.0  OK
   CARB_RECYCLE     Tc=99.7  margin=79.1  co2h2o=1.661  h2o=22.76  nc=2.69  OK
   EJ_DISCH         Tc=None  margin=None  co2h2o=None  h2o=12.64  nc=8.17  OOR
   HPCC_PROD        Tc=135.9  margin=34.1  co2h2o=5.99  h2o=6.98  nc=3.12  OK
   REACT_OVERFLOW   Tc=111.3  margin=71.7  co2h2o=0.987  h2o=17.7  nc=3.0  OK
  flags: {'CARBAMATE_CRYST_WARN': False, 'CARBAMATE_CRYST_ALARM': False}

raw0 = 54.618

--- TURNDOWN raw x0.85 ---
  CO2 raw 46.425  feed 46.425 t/h  load 85.0%
  m_supply 21.2973 kg/s = 76.67 t/h   P_MP 19.700  P_9 9.000  P_LP 4.400
  m_ld9 0.0000  m_963 0.0000  m_turb 5.4312  m_vent 0.0000
  STEAM_SYSTEM tel: {"FT_329403_th": 60.85, "FT_329407_th": 13.66, "MP": {"P_bara": 19.7, "TI_sat": 211.6, "supply_pct": 50.0, "m_supply_th": 76.7}, "LP": {"P_bara": 4.4, "TI_sat": 146.3, "letdown_pct": 0.0, "m_ld_th": 0.0, "m_water_th": 0.0}, "SUPPLY_25BAR": {"P_bara": 25.0, "TI_sat": 223.8}, "DRUM_9BAR": {"P_bara": 9.0, "TI_sat": 175.6, "admit_pct": 0.0, "letdown_pct": 0.0, "m_903_th": 0.0, "m_ld_th": 0.0}, "HP_VENT": {"pct": 0.0, "m_th": 0.0}, "LP_MAKEUP": {"PV_329207C": 0.0, "m_963_th": 0.0, "m_pic_th": -19.55}
   STRIP_BOT        Tc=132.7  margin=57.2  co2h2o=0.501  h2o=24.54  nc=2.04  OK
   CARB_RECYCLE     Tc=99.7  margin=64.8  co2h2o=1.661  h2o=22.76  nc=2.69  OK
   EJ_DISCH         Tc=None  margin=None  co2h2o=None  h2o=12.64  nc=8.17  OOR
   HPCC_PROD        Tc=135.9  margin=23.2  co2h2o=5.762  h2o=6.98  nc=3.35  OK
   REACT_OVERFLOW   Tc=111.3  margin=62.2  co2h2o=0.903  h2o=17.7  nc=3.2  OK
  flags: {'CARBAMATE_CRYST_WARN': False, 'CARBAMATE_CRYST_ALARM': False}
  >> specific MP steam index = 1.176   (1.0 ideal; value = t steam per t urea vs design)

--- TURNDOWN raw x0.70 ---
  CO2 raw 38.233  feed 38.233 t/h  load 70.0%
  m_supply 21.2973 kg/s = 76.67 t/h   P_MP 19.700  P_9 9.000  P_LP 4.300
  m_ld9 0.0000  m_963 1.5446  m_turb 9.0995  m_vent 0.0000
  STEAM_SYSTEM tel: {"FT_329403_th": 60.85, "FT_329407_th": 10.73, "MP": {"P_bara": 19.7, "TI_sat": 211.6, "supply_pct": 50.0, "m_supply_th": 76.7}, "LP": {"P_bara": 4.3, "TI_sat": 145.5, "letdown_pct": 0.0, "m_ld_th": 0.0, "m_water_th": 0.0}, "SUPPLY_25BAR": {"P_bara": 25.0, "TI_sat": 223.8}, "DRUM_9BAR": {"P_bara": 9.0, "TI_sat": 175.6, "admit_pct": 0.0, "letdown_pct": 0.0, "m_903_th": 0.0, "m_ld_th": 0.0}, "HP_VENT": {"pct": 0.0, "m_th": 0.0}, "LP_MAKEUP": {"PV_329207C": 17.0, "m_963_th": 5.56, "m_pic_th": -32.7
   STRIP_BOT        Tc=132.7  margin=71.2  co2h2o=0.577  h2o=23.73  nc=2.07  OK
   CARB_RECYCLE     Tc=99.7  margin=51.2  co2h2o=1.661  h2o=22.76  nc=2.69  OK
   EJ_DISCH         Tc=None  margin=None  co2h2o=None  h2o=12.64  nc=8.17  OOR
   HPCC_PROD        Tc=135.9  margin=14.7  co2h2o=5.582  h2o=7.02  nc=3.51  WARN
   REACT_OVERFLOW   Tc=110.9  margin=51.6  co2h2o=0.821  h2o=17.89  nc=3.33  OK
  flags: {'CARBAMATE_CRYST_WARN': True, 'CARBAMATE_CRYST_ALARM': False}
  >> specific MP steam index = 1.429   (1.0 ideal; value = t steam per t urea vs design)

--- TURNDOWN raw x0.50 ---
  CO2 raw 27.309  feed 27.309 t/h  load 50.0%
  m_supply 21.2973 kg/s = 76.67 t/h   P_MP 19.700  P_9 9.000  P_LP 4.300
  m_ld9 0.0000  m_963 7.7123  m_turb 9.0995  m_vent 0.0000
  STEAM_SYSTEM tel: {"FT_329403_th": 60.85, "FT_329407_th": 7.27, "MP": {"P_bara": 19.7, "TI_sat": 211.6, "supply_pct": 50.0, "m_supply_th": 76.7}, "LP": {"P_bara": 4.3, "TI_sat": 145.5, "letdown_pct": 0.0, "m_ld_th": 0.0, "m_water_th": 0.0}, "SUPPLY_25BAR": {"P_bara": 25.0, "TI_sat": 223.8}, "DRUM_9BAR": {"P_bara": 9.0, "TI_sat": 175.6, "admit_pct": 0.0, "letdown_pct": 0.0, "m_903_th": 0.0, "m_ld_th": 0.0}, "HP_VENT": {"pct": 0.0, "m_th": 0.0}, "LP_MAKEUP": {"PV_329207C": 84.8, "m_963_th": 27.76, "m_pic_th": -32.7
   STRIP_BOT        Tc=132.7  margin=78.0  co2h2o=0.684  h2o=22.57  nc=2.14  OK
   CARB_RECYCLE     Tc=99.7  margin=30.9  co2h2o=1.661  h2o=22.76  nc=2.69  OK
   EJ_DISCH         Tc=None  margin=None  co2h2o=None  h2o=12.64  nc=8.17  OOR
   HPCC_PROD        Tc=136.1  margin=10.1  co2h2o=5.458  h2o=6.92  nc=3.75  WARN
   REACT_OVERFLOW   Tc=111.0  margin=41.5  co2h2o=0.746  h2o=17.83  nc=3.52  OK
  flags: {'CARBAMATE_CRYST_WARN': True, 'CARBAMATE_CRYST_ALARM': False}
  >> specific MP steam index = 2.000   (1.0 ideal; value = t steam per t urea vs design)
